Archive member included to satisfy reference by file (symbol)

c:/program files (x86)/atollic/truestudio for stm32 9.3.0/armtools/bin/../lib/gcc/arm-atollic-eabi/6.3.1/../../../../arm-atollic-eabi/lib/armv6-m\libc_nano.a(lib_a-init.o)
                              src\startup_stm32l053xx.o (__libc_init_array)
c:/program files (x86)/atollic/truestudio for stm32 9.3.0/armtools/bin/../lib/gcc/arm-atollic-eabi/6.3.1/../../../../arm-atollic-eabi/lib/armv6-m\libc_nano.a(lib_a-strlen.o)
                              src\tiny_printf.o (strlen)
c:/program files (x86)/atollic/truestudio for stm32 9.3.0/armtools/bin/../lib/gcc/arm-atollic-eabi/6.3.1/armv6-m\libgcc.a(_udivsi3.o)
                              src\system_stm32l0xx.o (__aeabi_uidiv)
c:/program files (x86)/atollic/truestudio for stm32 9.3.0/armtools/bin/../lib/gcc/arm-atollic-eabi/6.3.1/armv6-m\libgcc.a(_divsi3.o)
                              src\tiny_printf.o (__aeabi_idiv)
c:/program files (x86)/atollic/truestudio for stm32 9.3.0/armtools/bin/../lib/gcc/arm-atollic-eabi/6.3.1/armv6-m\libgcc.a(_dvmd_tls.o)
                              c:/program files (x86)/atollic/truestudio for stm32 9.3.0/armtools/bin/../lib/gcc/arm-atollic-eabi/6.3.1/armv6-m\libgcc.a(_udivsi3.o) (__aeabi_idiv0)
c:/program files (x86)/atollic/truestudio for stm32 9.3.0/armtools/bin/../lib/gcc/arm-atollic-eabi/6.3.1/../../../../arm-atollic-eabi/lib/armv6-m\libnosys.a(write.o)
                              src\tiny_printf.o (_write)
c:/program files (x86)/atollic/truestudio for stm32 9.3.0/armtools/bin/../lib/gcc/arm-atollic-eabi/6.3.1/../../../../arm-atollic-eabi/lib/armv6-m\libnosys.a(errno.o)
                              c:/program files (x86)/atollic/truestudio for stm32 9.3.0/armtools/bin/../lib/gcc/arm-atollic-eabi/6.3.1/../../../../arm-atollic-eabi/lib/armv6-m\libnosys.a(write.o) (errno)

Allocating common symbols
Common symbol       size              file

errno               0x4               c:/program files (x86)/atollic/truestudio for stm32 9.3.0/armtools/bin/../lib/gcc/arm-atollic-eabi/6.3.1/../../../../arm-atollic-eabi/lib/armv6-m\libnosys.a(errno.o)
i                   0x2               src\main.o

Discarded input sections

 .text          0x00000000        0x0 c:/program files (x86)/atollic/truestudio for stm32 9.3.0/armtools/bin/../lib/gcc/arm-atollic-eabi/6.3.1/armv6-m/crti.o
 .data          0x00000000        0x0 c:/program files (x86)/atollic/truestudio for stm32 9.3.0/armtools/bin/../lib/gcc/arm-atollic-eabi/6.3.1/armv6-m/crti.o
 .bss           0x00000000        0x0 c:/program files (x86)/atollic/truestudio for stm32 9.3.0/armtools/bin/../lib/gcc/arm-atollic-eabi/6.3.1/armv6-m/crti.o
 .data          0x00000000        0x4 c:/program files (x86)/atollic/truestudio for stm32 9.3.0/armtools/bin/../lib/gcc/arm-atollic-eabi/6.3.1/armv6-m/crtbegin.o
 .text          0x00000000        0x0 src\main.o
 .data          0x00000000        0x0 src\main.o
 .bss           0x00000000        0x0 src\main.o
 .text          0x00000000       0x14 src\startup_stm32l053xx.o
 .data          0x00000000        0x0 src\startup_stm32l053xx.o
 .bss           0x00000000        0x0 src\startup_stm32l053xx.o
 .text          0x00000000        0x0 src\system_stm32l0xx.o
 .data          0x00000000        0x0 src\system_stm32l0xx.o
 .bss           0x00000000        0x0 src\system_stm32l0xx.o
 .data.SystemCoreClock
                0x00000000        0x4 src\system_stm32l0xx.o
 .rodata.AHBPrescTable
                0x00000000       0x10 src\system_stm32l0xx.o
 .rodata.APBPrescTable
                0x00000000        0x8 src\system_stm32l0xx.o
 .rodata.PLLMulTable
                0x00000000        0x9 src\system_stm32l0xx.o
 .text.SystemCoreClockUpdate
                0x00000000      0x140 src\system_stm32l0xx.o
 .text          0x00000000        0x0 src\tiny_printf.o
 .data          0x00000000        0x0 src\tiny_printf.o
 .bss           0x00000000        0x0 src\tiny_printf.o
 .text.ts_itoa  0x00000000       0x98 src\tiny_printf.o
 .text.ts_formatstring
                0x00000000      0x12c src\tiny_printf.o
 .text.ts_formatlength
                0x00000000       0xa8 src\tiny_printf.o
 .rodata.ts_formatlength
                0x00000000       0x84 src\tiny_printf.o
 .text.siprintf
                0x00000000       0x30 src\tiny_printf.o
 .text.fiprintf
                0x00000000       0xc8 src\tiny_printf.o
 .text.iprintf  0x00000000       0xc0 src\tiny_printf.o
 .rodata        0x00000000        0x2 src\tiny_printf.o
 .text.fputs    0x00000000       0x70 src\tiny_printf.o
 .text.puts     0x00000000       0x60 src\tiny_printf.o
 .text.fwrite   0x00000000       0x3a src\tiny_printf.o
 .debug_info    0x00000000      0xc78 src\tiny_printf.o
 .debug_abbrev  0x00000000      0x262 src\tiny_printf.o
 .debug_aranges
                0x00000000       0x60 src\tiny_printf.o
 .debug_ranges  0x00000000       0x50 src\tiny_printf.o
 .debug_line    0x00000000      0x2bf src\tiny_printf.o
 .debug_str     0x00000000      0x688 src\tiny_printf.o
 .comment       0x00000000       0x7d src\tiny_printf.o
 .debug_frame   0x00000000      0x140 src\tiny_printf.o
 .ARM.attributes
                0x00000000       0x32 src\tiny_printf.o
 .text          0x00000000        0x0 c:/program files (x86)/atollic/truestudio for stm32 9.3.0/armtools/bin/../lib/gcc/arm-atollic-eabi/6.3.1/../../../../arm-atollic-eabi/lib/armv6-m\libc_nano.a(lib_a-init.o)
 .data          0x00000000        0x0 c:/program files (x86)/atollic/truestudio for stm32 9.3.0/armtools/bin/../lib/gcc/arm-atollic-eabi/6.3.1/../../../../arm-atollic-eabi/lib/armv6-m\libc_nano.a(lib_a-init.o)
 .bss           0x00000000        0x0 c:/program files (x86)/atollic/truestudio for stm32 9.3.0/armtools/bin/../lib/gcc/arm-atollic-eabi/6.3.1/../../../../arm-atollic-eabi/lib/armv6-m\libc_nano.a(lib_a-init.o)
 .text          0x00000000        0xe c:/program files (x86)/atollic/truestudio for stm32 9.3.0/armtools/bin/../lib/gcc/arm-atollic-eabi/6.3.1/../../../../arm-atollic-eabi/lib/armv6-m\libc_nano.a(lib_a-strlen.o)
 .data          0x00000000        0x0 c:/program files (x86)/atollic/truestudio for stm32 9.3.0/armtools/bin/../lib/gcc/arm-atollic-eabi/6.3.1/../../../../arm-atollic-eabi/lib/armv6-m\libc_nano.a(lib_a-strlen.o)
 .bss           0x00000000        0x0 c:/program files (x86)/atollic/truestudio for stm32 9.3.0/armtools/bin/../lib/gcc/arm-atollic-eabi/6.3.1/../../../../arm-atollic-eabi/lib/armv6-m\libc_nano.a(lib_a-strlen.o)
 .ARM.attributes
                0x00000000       0x1c c:/program files (x86)/atollic/truestudio for stm32 9.3.0/armtools/bin/../lib/gcc/arm-atollic-eabi/6.3.1/../../../../arm-atollic-eabi/lib/armv6-m\libc_nano.a(lib_a-strlen.o)
 .text          0x00000000      0x114 c:/program files (x86)/atollic/truestudio for stm32 9.3.0/armtools/bin/../lib/gcc/arm-atollic-eabi/6.3.1/armv6-m\libgcc.a(_udivsi3.o)
 .data          0x00000000        0x0 c:/program files (x86)/atollic/truestudio for stm32 9.3.0/armtools/bin/../lib/gcc/arm-atollic-eabi/6.3.1/armv6-m\libgcc.a(_udivsi3.o)
 .bss           0x00000000        0x0 c:/program files (x86)/atollic/truestudio for stm32 9.3.0/armtools/bin/../lib/gcc/arm-atollic-eabi/6.3.1/armv6-m\libgcc.a(_udivsi3.o)
 .debug_frame   0x00000000       0x20 c:/program files (x86)/atollic/truestudio for stm32 9.3.0/armtools/bin/../lib/gcc/arm-atollic-eabi/6.3.1/armv6-m\libgcc.a(_udivsi3.o)
 .ARM.attributes
                0x00000000       0x1e c:/program files (x86)/atollic/truestudio for stm32 9.3.0/armtools/bin/../lib/gcc/arm-atollic-eabi/6.3.1/armv6-m\libgcc.a(_udivsi3.o)
 .text          0x00000000      0x1d4 c:/program files (x86)/atollic/truestudio for stm32 9.3.0/armtools/bin/../lib/gcc/arm-atollic-eabi/6.3.1/armv6-m\libgcc.a(_divsi3.o)
 .data          0x00000000        0x0 c:/program files (x86)/atollic/truestudio for stm32 9.3.0/armtools/bin/../lib/gcc/arm-atollic-eabi/6.3.1/armv6-m\libgcc.a(_divsi3.o)
 .bss           0x00000000        0x0 c:/program files (x86)/atollic/truestudio for stm32 9.3.0/armtools/bin/../lib/gcc/arm-atollic-eabi/6.3.1/armv6-m\libgcc.a(_divsi3.o)
 .debug_frame   0x00000000       0x20 c:/program files (x86)/atollic/truestudio for stm32 9.3.0/armtools/bin/../lib/gcc/arm-atollic-eabi/6.3.1/armv6-m\libgcc.a(_divsi3.o)
 .ARM.attributes
                0x00000000       0x1e c:/program files (x86)/atollic/truestudio for stm32 9.3.0/armtools/bin/../lib/gcc/arm-atollic-eabi/6.3.1/armv6-m\libgcc.a(_divsi3.o)
 .text          0x00000000        0x4 c:/program files (x86)/atollic/truestudio for stm32 9.3.0/armtools/bin/../lib/gcc/arm-atollic-eabi/6.3.1/armv6-m\libgcc.a(_dvmd_tls.o)
 .data          0x00000000        0x0 c:/program files (x86)/atollic/truestudio for stm32 9.3.0/armtools/bin/../lib/gcc/arm-atollic-eabi/6.3.1/armv6-m\libgcc.a(_dvmd_tls.o)
 .bss           0x00000000        0x0 c:/program files (x86)/atollic/truestudio for stm32 9.3.0/armtools/bin/../lib/gcc/arm-atollic-eabi/6.3.1/armv6-m\libgcc.a(_dvmd_tls.o)
 .ARM.attributes
                0x00000000       0x1e c:/program files (x86)/atollic/truestudio for stm32 9.3.0/armtools/bin/../lib/gcc/arm-atollic-eabi/6.3.1/armv6-m\libgcc.a(_dvmd_tls.o)
 .text          0x00000000        0x0 c:/program files (x86)/atollic/truestudio for stm32 9.3.0/armtools/bin/../lib/gcc/arm-atollic-eabi/6.3.1/../../../../arm-atollic-eabi/lib/armv6-m\libnosys.a(write.o)
 .data          0x00000000        0x0 c:/program files (x86)/atollic/truestudio for stm32 9.3.0/armtools/bin/../lib/gcc/arm-atollic-eabi/6.3.1/../../../../arm-atollic-eabi/lib/armv6-m\libnosys.a(write.o)
 .bss           0x00000000        0x0 c:/program files (x86)/atollic/truestudio for stm32 9.3.0/armtools/bin/../lib/gcc/arm-atollic-eabi/6.3.1/../../../../arm-atollic-eabi/lib/armv6-m\libnosys.a(write.o)
 .stab          0x00000000       0x24 c:/program files (x86)/atollic/truestudio for stm32 9.3.0/armtools/bin/../lib/gcc/arm-atollic-eabi/6.3.1/../../../../arm-atollic-eabi/lib/armv6-m\libnosys.a(write.o)
 .text._write   0x00000000       0x10 c:/program files (x86)/atollic/truestudio for stm32 9.3.0/armtools/bin/../lib/gcc/arm-atollic-eabi/6.3.1/../../../../arm-atollic-eabi/lib/armv6-m\libnosys.a(write.o)
 .debug_frame   0x00000000       0x20 c:/program files (x86)/atollic/truestudio for stm32 9.3.0/armtools/bin/../lib/gcc/arm-atollic-eabi/6.3.1/../../../../arm-atollic-eabi/lib/armv6-m\libnosys.a(write.o)
 .ARM.attributes
                0x00000000       0x2c c:/program files (x86)/atollic/truestudio for stm32 9.3.0/armtools/bin/../lib/gcc/arm-atollic-eabi/6.3.1/../../../../arm-atollic-eabi/lib/armv6-m\libnosys.a(write.o)
 .text          0x00000000        0x0 c:/program files (x86)/atollic/truestudio for stm32 9.3.0/armtools/bin/../lib/gcc/arm-atollic-eabi/6.3.1/../../../../arm-atollic-eabi/lib/armv6-m\libnosys.a(errno.o)
 .data          0x00000000        0x0 c:/program files (x86)/atollic/truestudio for stm32 9.3.0/armtools/bin/../lib/gcc/arm-atollic-eabi/6.3.1/../../../../arm-atollic-eabi/lib/armv6-m\libnosys.a(errno.o)
 .bss           0x00000000        0x0 c:/program files (x86)/atollic/truestudio for stm32 9.3.0/armtools/bin/../lib/gcc/arm-atollic-eabi/6.3.1/../../../../arm-atollic-eabi/lib/armv6-m\libnosys.a(errno.o)
 .ARM.attributes
                0x00000000       0x2c c:/program files (x86)/atollic/truestudio for stm32 9.3.0/armtools/bin/../lib/gcc/arm-atollic-eabi/6.3.1/../../../../arm-atollic-eabi/lib/armv6-m\libnosys.a(errno.o)
 COMMON         0x00000000        0x4 c:/program files (x86)/atollic/truestudio for stm32 9.3.0/armtools/bin/../lib/gcc/arm-atollic-eabi/6.3.1/../../../../arm-atollic-eabi/lib/armv6-m\libnosys.a(errno.o)
 .text          0x00000000        0x0 c:/program files (x86)/atollic/truestudio for stm32 9.3.0/armtools/bin/../lib/gcc/arm-atollic-eabi/6.3.1/armv6-m/crtend.o
 .data          0x00000000        0x0 c:/program files (x86)/atollic/truestudio for stm32 9.3.0/armtools/bin/../lib/gcc/arm-atollic-eabi/6.3.1/armv6-m/crtend.o
 .bss           0x00000000        0x0 c:/program files (x86)/atollic/truestudio for stm32 9.3.0/armtools/bin/../lib/gcc/arm-atollic-eabi/6.3.1/armv6-m/crtend.o
 .eh_frame      0x00000000        0x4 c:/program files (x86)/atollic/truestudio for stm32 9.3.0/armtools/bin/../lib/gcc/arm-atollic-eabi/6.3.1/armv6-m/crtend.o
 .ARM.attributes
                0x00000000       0x2c c:/program files (x86)/atollic/truestudio for stm32 9.3.0/armtools/bin/../lib/gcc/arm-atollic-eabi/6.3.1/armv6-m/crtend.o
 .text          0x00000000        0x0 c:/program files (x86)/atollic/truestudio for stm32 9.3.0/armtools/bin/../lib/gcc/arm-atollic-eabi/6.3.1/armv6-m/crtn.o
 .data          0x00000000        0x0 c:/program files (x86)/atollic/truestudio for stm32 9.3.0/armtools/bin/../lib/gcc/arm-atollic-eabi/6.3.1/armv6-m/crtn.o
 .bss           0x00000000        0x0 c:/program files (x86)/atollic/truestudio for stm32 9.3.0/armtools/bin/../lib/gcc/arm-atollic-eabi/6.3.1/armv6-m/crtn.o

Memory Configuration

Name             Origin             Length             Attributes
FLASH            0x08000000         0x00010000         xr
RAM              0x20000000         0x00002000         xrw
MEMORY_B1        0x60000000         0x00000000         xr
*default*        0x00000000         0xffffffff

Linker script and memory map

LOAD c:/program files (x86)/atollic/truestudio for stm32 9.3.0/armtools/bin/../lib/gcc/arm-atollic-eabi/6.3.1/armv6-m/crti.o
LOAD c:/program files (x86)/atollic/truestudio for stm32 9.3.0/armtools/bin/../lib/gcc/arm-atollic-eabi/6.3.1/armv6-m/crtbegin.o
LOAD src\main.o
LOAD src\startup_stm32l053xx.o
LOAD src\system_stm32l0xx.o
LOAD src\tiny_printf.o
                0x00000080                malloc_getpagesize_P = 0x80
START GROUP
LOAD c:/program files (x86)/atollic/truestudio for stm32 9.3.0/armtools/bin/../lib/gcc/arm-atollic-eabi/6.3.1/../../../../arm-atollic-eabi/lib/armv6-m\libc_nano.a
LOAD c:/program files (x86)/atollic/truestudio for stm32 9.3.0/armtools/bin/../lib/gcc/arm-atollic-eabi/6.3.1/../../../../arm-atollic-eabi/lib/armv6-m\libm.a
END GROUP
START GROUP
LOAD c:/program files (x86)/atollic/truestudio for stm32 9.3.0/armtools/bin/../lib/gcc/arm-atollic-eabi/6.3.1/armv6-m\libgcc.a
LOAD c:/program files (x86)/atollic/truestudio for stm32 9.3.0/armtools/bin/../lib/gcc/arm-atollic-eabi/6.3.1/../../../../arm-atollic-eabi/lib/armv6-m\libc_nano.a
END GROUP
START GROUP
LOAD c:/program files (x86)/atollic/truestudio for stm32 9.3.0/armtools/bin/../lib/gcc/arm-atollic-eabi/6.3.1/armv6-m\libgcc.a
LOAD c:/program files (x86)/atollic/truestudio for stm32 9.3.0/armtools/bin/../lib/gcc/arm-atollic-eabi/6.3.1/../../../../arm-atollic-eabi/lib/armv6-m\libc_nano.a
LOAD c:/program files (x86)/atollic/truestudio for stm32 9.3.0/armtools/bin/../lib/gcc/arm-atollic-eabi/6.3.1/../../../../arm-atollic-eabi/lib/armv6-m\libnosys.a
END GROUP
START GROUP
LOAD c:/program files (x86)/atollic/truestudio for stm32 9.3.0/armtools/bin/../lib/gcc/arm-atollic-eabi/6.3.1/armv6-m\libgcc.a
LOAD c:/program files (x86)/atollic/truestudio for stm32 9.3.0/armtools/bin/../lib/gcc/arm-atollic-eabi/6.3.1/../../../../arm-atollic-eabi/lib/armv6-m\libc_nano.a
LOAD c:/program files (x86)/atollic/truestudio for stm32 9.3.0/armtools/bin/../lib/gcc/arm-atollic-eabi/6.3.1/../../../../arm-atollic-eabi/lib/armv6-m\libnosys.a
END GROUP
LOAD c:/program files (x86)/atollic/truestudio for stm32 9.3.0/armtools/bin/../lib/gcc/arm-atollic-eabi/6.3.1/armv6-m/crtend.o
LOAD c:/program files (x86)/atollic/truestudio for stm32 9.3.0/armtools/bin/../lib/gcc/arm-atollic-eabi/6.3.1/armv6-m/crtn.o
                0x20002000                _estack = 0x20002000
                0x00000000                _Min_Heap_Size = 0x0
                0x00000080                _Min_Stack_Size = 0x80

.isr_vector     0x08000000       0xc0
                0x08000000                . = ALIGN (0x4)
 *(.isr_vector)
 .isr_vector    0x08000000       0xc0 src\startup_stm32l053xx.o
                0x08000000                g_pfnVectors
                0x080000c0                . = ALIGN (0x4)

.text           0x080000c0      0x22c
                0x080000c0                . = ALIGN (0x4)
 *(.text)
 .text          0x080000c0       0x48 c:/program files (x86)/atollic/truestudio for stm32 9.3.0/armtools/bin/../lib/gcc/arm-atollic-eabi/6.3.1/armv6-m/crtbegin.o
 *(.text*)
 .text.delay    0x08000108       0x1c src\main.o
                0x08000108                delay
 .text.DAC1_Config
                0x08000124       0x48 src\main.o
                0x08000124                DAC1_Config
 .text.main     0x0800016c       0x50 src\main.o
                0x0800016c                main
 .text.Reset_Handler
                0x080001bc       0x50 src\startup_stm32l053xx.o
                0x080001bc                Reset_Handler
 .text.Default_Handler
                0x0800020c        0x2 src\startup_stm32l053xx.o
                0x0800020c                TSC_IRQHandler
                0x0800020c                HardFault_Handler
                0x0800020c                ADC1_COMP_IRQHandler
                0x0800020c                SysTick_Handler
                0x0800020c                PVD_IRQHandler
                0x0800020c                PendSV_Handler
                0x0800020c                NMI_Handler
                0x0800020c                I2C1_IRQHandler
                0x0800020c                RCC_CRS_IRQHandler
                0x0800020c                SPI1_IRQHandler
                0x0800020c                TIM6_DAC_IRQHandler
                0x0800020c                EXTI2_3_IRQHandler
                0x0800020c                I2C2_IRQHandler
                0x0800020c                RTC_IRQHandler
                0x0800020c                LCD_IRQHandler
                0x0800020c                DMA1_Channel4_5_6_7_IRQHandler
                0x0800020c                EXTI4_15_IRQHandler
                0x0800020c                DMA1_Channel1_IRQHandler
                0x0800020c                Default_Handler
                0x0800020c                TIM22_IRQHandler
                0x0800020c                EXTI0_1_IRQHandler
                0x0800020c                USB_IRQHandler
                0x0800020c                SPI2_IRQHandler
                0x0800020c                SVC_Handler
                0x0800020c                TIM21_IRQHandler
                0x0800020c                WWDG_IRQHandler
                0x0800020c                TIM2_IRQHandler
                0x0800020c                DMA1_Channel2_3_IRQHandler
                0x0800020c                USART2_IRQHandler
                0x0800020c                FLASH_IRQHandler
                0x0800020c                USART1_IRQHandler
                0x0800020c                RNG_LPUART1_IRQHandler
                0x0800020c                LPTIM1_IRQHandler
 *fill*         0x0800020e        0x2 
 .text.SystemInit
                0x08000210       0x7c src\system_stm32l0xx.o
                0x08000210                SystemInit
 .text.__libc_init_array
                0x0800028c       0x48 c:/program files (x86)/atollic/truestudio for stm32 9.3.0/armtools/bin/../lib/gcc/arm-atollic-eabi/6.3.1/../../../../arm-atollic-eabi/lib/armv6-m\libc_nano.a(lib_a-init.o)
                0x0800028c                __libc_init_array
 *(.glue_7)
 .glue_7        0x080002d4        0x0 linker stubs
 *(.glue_7t)
 .glue_7t       0x080002d4        0x0 linker stubs
 *(.eh_frame)
 .eh_frame      0x080002d4        0x0 c:/program files (x86)/atollic/truestudio for stm32 9.3.0/armtools/bin/../lib/gcc/arm-atollic-eabi/6.3.1/armv6-m/crtbegin.o
 *(.init)
 .init          0x080002d4        0x4 c:/program files (x86)/atollic/truestudio for stm32 9.3.0/armtools/bin/../lib/gcc/arm-atollic-eabi/6.3.1/armv6-m/crti.o
                0x080002d4                _init
 .init          0x080002d8        0x8 c:/program files (x86)/atollic/truestudio for stm32 9.3.0/armtools/bin/../lib/gcc/arm-atollic-eabi/6.3.1/armv6-m/crtn.o
 *(.fini)
 .fini          0x080002e0        0x4 c:/program files (x86)/atollic/truestudio for stm32 9.3.0/armtools/bin/../lib/gcc/arm-atollic-eabi/6.3.1/armv6-m/crti.o
                0x080002e0                _fini
 .fini          0x080002e4        0x8 c:/program files (x86)/atollic/truestudio for stm32 9.3.0/armtools/bin/../lib/gcc/arm-atollic-eabi/6.3.1/armv6-m/crtn.o
                0x080002ec                . = ALIGN (0x4)
                0x080002ec                _etext = .

.vfp11_veneer   0x080002ec        0x0
 .vfp11_veneer  0x080002ec        0x0 linker stubs

.v4_bx          0x080002ec        0x0
 .v4_bx         0x080002ec        0x0 linker stubs

.iplt           0x080002ec        0x0
 .iplt          0x080002ec        0x0 c:/program files (x86)/atollic/truestudio for stm32 9.3.0/armtools/bin/../lib/gcc/arm-atollic-eabi/6.3.1/armv6-m/crtbegin.o

.rel.dyn        0x080002ec        0x0
 .rel.iplt      0x080002ec        0x0 c:/program files (x86)/atollic/truestudio for stm32 9.3.0/armtools/bin/../lib/gcc/arm-atollic-eabi/6.3.1/armv6-m/crtbegin.o

.rodata         0x080002ec        0x0
                0x080002ec                . = ALIGN (0x4)
 *(.rodata)
 *(.rodata*)
                0x080002ec                . = ALIGN (0x4)

.ARM.extab
 *(.ARM.extab* .gnu.linkonce.armextab.*)

.ARM            0x080002ec        0x0
                0x080002ec                __exidx_start = .
 *(.ARM.exidx*)
                0x080002ec                __exidx_end = .

.preinit_array  0x080002ec        0x0
                0x080002ec                PROVIDE (__preinit_array_start, .)
 *(.preinit_array*)
                0x080002ec                PROVIDE (__preinit_array_end, .)

.init_array     0x080002ec        0x4
                0x080002ec                PROVIDE (__init_array_start, .)
 *(SORT(.init_array.*))
 *(.init_array*)
 .init_array    0x080002ec        0x4 c:/program files (x86)/atollic/truestudio for stm32 9.3.0/armtools/bin/../lib/gcc/arm-atollic-eabi/6.3.1/armv6-m/crtbegin.o
                0x080002f0                PROVIDE (__init_array_end, .)

.fini_array     0x080002f0        0x4
                [!provide]                PROVIDE (__fini_array_start, .)
 *(SORT(.fini_array.*))
 *(.fini_array*)
 .fini_array    0x080002f0        0x4 c:/program files (x86)/atollic/truestudio for stm32 9.3.0/armtools/bin/../lib/gcc/arm-atollic-eabi/6.3.1/armv6-m/crtbegin.o
                [!provide]                PROVIDE (__fini_array_end, .)
                0x080002f4                _sidata = LOADADDR (.data)

.data           0x20000000        0x0 load address 0x080002f4
                0x20000000                . = ALIGN (0x4)
                0x20000000                _sdata = .
 *(.data)
 *(.data*)
                0x20000000                . = ALIGN (0x4)
                0x20000000                _edata = .

.igot.plt       0x20000000        0x0 load address 0x080002f4
 .igot.plt      0x20000000        0x0 c:/program files (x86)/atollic/truestudio for stm32 9.3.0/armtools/bin/../lib/gcc/arm-atollic-eabi/6.3.1/armv6-m/crtbegin.o
                0x20000000                . = ALIGN (0x4)

.bss            0x20000000       0x20 load address 0x080002f4
                0x20000000                _sbss = .
                0x20000000                __bss_start__ = _sbss
 *(.bss)
 .bss           0x20000000       0x1c c:/program files (x86)/atollic/truestudio for stm32 9.3.0/armtools/bin/../lib/gcc/arm-atollic-eabi/6.3.1/armv6-m/crtbegin.o
 *(.bss*)
 *(COMMON)
 COMMON         0x2000001c        0x2 src\main.o
                0x2000001c                i
                0x20000020                . = ALIGN (0x4)
 *fill*         0x2000001e        0x2 
                0x20000020                _ebss = .
                0x20000020                __bss_end__ = _ebss

._user_heap_stack
                0x20000020       0x80 load address 0x080002f4
                0x20000020                . = ALIGN (0x4)
                [!provide]                PROVIDE (end, .)
                [!provide]                PROVIDE (_end, .)
                0x20000020                . = (. + _Min_Heap_Size)
                0x200000a0                . = (. + _Min_Stack_Size)
 *fill*         0x20000020       0x80 
                0x200000a0                . = ALIGN (0x4)

.memory_b1_text
 *(.mb1text)
 *(.mb1text*)
 *(.mb1rodata)
 *(.mb1rodata*)

/DISCARD/
 libc.a(*)
 libm.a(*)
 libgcc.a(*)

.ARM.attributes
                0x00000000       0x28
 *(.ARM.attributes)
 .ARM.attributes
                0x00000000       0x1e c:/program files (x86)/atollic/truestudio for stm32 9.3.0/armtools/bin/../lib/gcc/arm-atollic-eabi/6.3.1/armv6-m/crti.o
 .ARM.attributes
                0x0000001e       0x2c c:/program files (x86)/atollic/truestudio for stm32 9.3.0/armtools/bin/../lib/gcc/arm-atollic-eabi/6.3.1/armv6-m/crtbegin.o
 .ARM.attributes
                0x0000004a       0x32 src\main.o
 .ARM.attributes
                0x0000007c       0x22 src\startup_stm32l053xx.o
 .ARM.attributes
                0x0000009e       0x32 src\system_stm32l0xx.o
 .ARM.attributes
                0x000000d0       0x2c c:/program files (x86)/atollic/truestudio for stm32 9.3.0/armtools/bin/../lib/gcc/arm-atollic-eabi/6.3.1/../../../../arm-atollic-eabi/lib/armv6-m\libc_nano.a(lib_a-init.o)
 .ARM.attributes
                0x000000fc       0x1e c:/program files (x86)/atollic/truestudio for stm32 9.3.0/armtools/bin/../lib/gcc/arm-atollic-eabi/6.3.1/armv6-m/crtn.o
OUTPUT(001_SYSTEM_CLOCK_CONFIG.elf elf32-littlearm)

.debug_info     0x00000000      0x74e
 .debug_info    0x00000000      0x338 src\main.o
 .debug_info    0x00000338       0x96 src\startup_stm32l053xx.o
 .debug_info    0x000003ce      0x380 src\system_stm32l0xx.o

.debug_abbrev   0x00000000      0x242
 .debug_abbrev  0x00000000      0x133 src\main.o
 .debug_abbrev  0x00000133       0x12 src\startup_stm32l053xx.o
 .debug_abbrev  0x00000145       0xfd src\system_stm32l0xx.o

.debug_aranges  0x00000000       0x80
 .debug_aranges
                0x00000000       0x30 src\main.o
 .debug_aranges
                0x00000030       0x28 src\startup_stm32l053xx.o
 .debug_aranges
                0x00000058       0x28 src\system_stm32l0xx.o

.debug_ranges   0x00000000       0x58
 .debug_ranges  0x00000000       0x20 src\main.o
 .debug_ranges  0x00000020       0x20 src\startup_stm32l053xx.o
 .debug_ranges  0x00000040       0x18 src\system_stm32l0xx.o

.debug_line     0x00000000      0x420
 .debug_line    0x00000000      0x1b9 src\main.o
 .debug_line    0x000001b9       0x7f src\startup_stm32l053xx.o
 .debug_line    0x00000238      0x1e8 src\system_stm32l0xx.o

.debug_str      0x00000000      0x33c
 .debug_str     0x00000000      0x2bb src\main.o
                                0x309 (size before relaxing)
 .debug_str     0x000002bb       0x81 src\system_stm32l0xx.o
                                0x30b (size before relaxing)

.comment        0x00000000       0x7c
 .comment       0x00000000       0x7c src\main.o
                                 0x7d (size before relaxing)
 .comment       0x0000007c       0x7d src\system_stm32l0xx.o

.debug_frame    0x00000000       0xe0
 .debug_frame   0x00000000       0x68 src\main.o
 .debug_frame   0x00000068       0x4c src\system_stm32l0xx.o
 .debug_frame   0x000000b4       0x2c c:/program files (x86)/atollic/truestudio for stm32 9.3.0/armtools/bin/../lib/gcc/arm-atollic-eabi/6.3.1/../../../../arm-atollic-eabi/lib/armv6-m\libc_nano.a(lib_a-init.o)

.stabstr        0x00000000       0x3f
 .stabstr       0x00000000       0x3f c:/program files (x86)/atollic/truestudio for stm32 9.3.0/armtools/bin/../lib/gcc/arm-atollic-eabi/6.3.1/../../../../arm-atollic-eabi/lib/armv6-m\libnosys.a(write.o)

Cross Reference Table

Symbol                                            File
ADC1_COMP_IRQHandler                              src\startup_stm32l053xx.o
AHBPrescTable                                     src\system_stm32l0xx.o
APBPrescTable                                     src\system_stm32l0xx.o
DAC1_Config                                       src\main.o
DMA1_Channel1_IRQHandler                          src\startup_stm32l053xx.o
DMA1_Channel2_3_IRQHandler                        src\startup_stm32l053xx.o
DMA1_Channel4_5_6_7_IRQHandler                    src\startup_stm32l053xx.o
Default_Handler                                   src\startup_stm32l053xx.o
EXTI0_1_IRQHandler                                src\startup_stm32l053xx.o
EXTI2_3_IRQHandler                                src\startup_stm32l053xx.o
EXTI4_15_IRQHandler                               src\startup_stm32l053xx.o
FLASH_IRQHandler                                  src\startup_stm32l053xx.o
HardFault_Handler                                 src\startup_stm32l053xx.o
I2C1_IRQHandler                                   src\startup_stm32l053xx.o
I2C2_IRQHandler                                   src\startup_stm32l053xx.o
LCD_IRQHandler                                    src\startup_stm32l053xx.o
LPTIM1_IRQHandler                                 src\startup_stm32l053xx.o
NMI_Handler                                       src\startup_stm32l053xx.o
PLLMulTable                                       src\system_stm32l0xx.o
PVD_IRQHandler                                    src\startup_stm32l053xx.o
PendSV_Handler                                    src\startup_stm32l053xx.o
RCC_CRS_IRQHandler                                src\startup_stm32l053xx.o
RNG_LPUART1_IRQHandler                            src\startup_stm32l053xx.o
RTC_IRQHandler                                    src\startup_stm32l053xx.o
Reset_Handler                                     src\startup_stm32l053xx.o
SPI1_IRQHandler                                   src\startup_stm32l053xx.o
SPI2_IRQHandler                                   src\startup_stm32l053xx.o
SVC_Handler                                       src\startup_stm32l053xx.o
SysTick_Handler                                   src\startup_stm32l053xx.o
SystemCoreClock                                   src\system_stm32l0xx.o
SystemCoreClockUpdate                             src\system_stm32l0xx.o
SystemInit                                        src\system_stm32l0xx.o
                                                  src\startup_stm32l053xx.o
TIM21_IRQHandler                                  src\startup_stm32l053xx.o
TIM22_IRQHandler                                  src\startup_stm32l053xx.o
TIM2_IRQHandler                                   src\startup_stm32l053xx.o
TIM6_DAC_IRQHandler                               src\startup_stm32l053xx.o
TSC_IRQHandler                                    src\startup_stm32l053xx.o
USART1_IRQHandler                                 src\startup_stm32l053xx.o
USART2_IRQHandler                                 src\startup_stm32l053xx.o
USB_IRQHandler                                    src\startup_stm32l053xx.o
WWDG_IRQHandler                                   src\startup_stm32l053xx.o
__aeabi_idiv                                      c:/program files (x86)/atollic/truestudio for stm32 9.3.0/armtools/bin/../lib/gcc/arm-atollic-eabi/6.3.1/armv6-m\libgcc.a(_divsi3.o)
                                                  src\tiny_printf.o
__aeabi_idiv0                                     c:/program files (x86)/atollic/truestudio for stm32 9.3.0/armtools/bin/../lib/gcc/arm-atollic-eabi/6.3.1/armv6-m\libgcc.a(_dvmd_tls.o)
                                                  c:/program files (x86)/atollic/truestudio for stm32 9.3.0/armtools/bin/../lib/gcc/arm-atollic-eabi/6.3.1/armv6-m\libgcc.a(_divsi3.o)
                                                  c:/program files (x86)/atollic/truestudio for stm32 9.3.0/armtools/bin/../lib/gcc/arm-atollic-eabi/6.3.1/armv6-m\libgcc.a(_udivsi3.o)
__aeabi_idivmod                                   c:/program files (x86)/atollic/truestudio for stm32 9.3.0/armtools/bin/../lib/gcc/arm-atollic-eabi/6.3.1/armv6-m\libgcc.a(_divsi3.o)
__aeabi_ldiv0                                     c:/program files (x86)/atollic/truestudio for stm32 9.3.0/armtools/bin/../lib/gcc/arm-atollic-eabi/6.3.1/armv6-m\libgcc.a(_dvmd_tls.o)
__aeabi_uidiv                                     c:/program files (x86)/atollic/truestudio for stm32 9.3.0/armtools/bin/../lib/gcc/arm-atollic-eabi/6.3.1/armv6-m\libgcc.a(_udivsi3.o)
                                                  src\tiny_printf.o
                                                  src\system_stm32l0xx.o
__aeabi_uidivmod                                  c:/program files (x86)/atollic/truestudio for stm32 9.3.0/armtools/bin/../lib/gcc/arm-atollic-eabi/6.3.1/armv6-m\libgcc.a(_udivsi3.o)
                                                  src\tiny_printf.o
__deregister_frame_info                           c:/program files (x86)/atollic/truestudio for stm32 9.3.0/armtools/bin/../lib/gcc/arm-atollic-eabi/6.3.1/armv6-m/crtbegin.o
__divsi3                                          c:/program files (x86)/atollic/truestudio for stm32 9.3.0/armtools/bin/../lib/gcc/arm-atollic-eabi/6.3.1/armv6-m\libgcc.a(_divsi3.o)
__dso_handle                                      c:/program files (x86)/atollic/truestudio for stm32 9.3.0/armtools/bin/../lib/gcc/arm-atollic-eabi/6.3.1/armv6-m/crtbegin.o
__init_array_end                                  c:/program files (x86)/atollic/truestudio for stm32 9.3.0/armtools/bin/../lib/gcc/arm-atollic-eabi/6.3.1/../../../../arm-atollic-eabi/lib/armv6-m\libc_nano.a(lib_a-init.o)
__init_array_start                                c:/program files (x86)/atollic/truestudio for stm32 9.3.0/armtools/bin/../lib/gcc/arm-atollic-eabi/6.3.1/../../../../arm-atollic-eabi/lib/armv6-m\libc_nano.a(lib_a-init.o)
__libc_init_array                                 c:/program files (x86)/atollic/truestudio for stm32 9.3.0/armtools/bin/../lib/gcc/arm-atollic-eabi/6.3.1/../../../../arm-atollic-eabi/lib/armv6-m\libc_nano.a(lib_a-init.o)
                                                  src\startup_stm32l053xx.o
__preinit_array_end                               c:/program files (x86)/atollic/truestudio for stm32 9.3.0/armtools/bin/../lib/gcc/arm-atollic-eabi/6.3.1/../../../../arm-atollic-eabi/lib/armv6-m\libc_nano.a(lib_a-init.o)
__preinit_array_start                             c:/program files (x86)/atollic/truestudio for stm32 9.3.0/armtools/bin/../lib/gcc/arm-atollic-eabi/6.3.1/../../../../arm-atollic-eabi/lib/armv6-m\libc_nano.a(lib_a-init.o)
__register_frame_info                             c:/program files (x86)/atollic/truestudio for stm32 9.3.0/armtools/bin/../lib/gcc/arm-atollic-eabi/6.3.1/armv6-m/crtbegin.o
__udivsi3                                         c:/program files (x86)/atollic/truestudio for stm32 9.3.0/armtools/bin/../lib/gcc/arm-atollic-eabi/6.3.1/armv6-m\libgcc.a(_udivsi3.o)
_ebss                                             src\startup_stm32l053xx.o
_edata                                            src\startup_stm32l053xx.o
_estack                                           src\startup_stm32l053xx.o
_fini                                             c:/program files (x86)/atollic/truestudio for stm32 9.3.0/armtools/bin/../lib/gcc/arm-atollic-eabi/6.3.1/armv6-m/crti.o
_init                                             c:/program files (x86)/atollic/truestudio for stm32 9.3.0/armtools/bin/../lib/gcc/arm-atollic-eabi/6.3.1/armv6-m/crti.o
                                                  c:/program files (x86)/atollic/truestudio for stm32 9.3.0/armtools/bin/../lib/gcc/arm-atollic-eabi/6.3.1/../../../../arm-atollic-eabi/lib/armv6-m\libc_nano.a(lib_a-init.o)
_sbss                                             src\startup_stm32l053xx.o
_sdata                                            src\startup_stm32l053xx.o
_sidata                                           src\startup_stm32l053xx.o
_write                                            c:/program files (x86)/atollic/truestudio for stm32 9.3.0/armtools/bin/../lib/gcc/arm-atollic-eabi/6.3.1/../../../../arm-atollic-eabi/lib/armv6-m\libnosys.a(write.o)
                                                  src\tiny_printf.o
delay                                             src\main.o
errno                                             c:/program files (x86)/atollic/truestudio for stm32 9.3.0/armtools/bin/../lib/gcc/arm-atollic-eabi/6.3.1/../../../../arm-atollic-eabi/lib/armv6-m\libnosys.a(errno.o)
                                                  c:/program files (x86)/atollic/truestudio for stm32 9.3.0/armtools/bin/../lib/gcc/arm-atollic-eabi/6.3.1/../../../../arm-atollic-eabi/lib/armv6-m\libnosys.a(write.o)
fiprintf                                          src\tiny_printf.o
fprintf                                           src\tiny_printf.o
fputs                                             src\tiny_printf.o
fwrite                                            src\tiny_printf.o
g_pfnVectors                                      src\startup_stm32l053xx.o
i                                                 src\main.o
iprintf                                           src\tiny_printf.o
main                                              src\main.o
                                                  src\startup_stm32l053xx.o
printf                                            src\tiny_printf.o
puts                                              src\tiny_printf.o
siprintf                                          src\tiny_printf.o
sprintf                                           src\tiny_printf.o
strlen                                            c:/program files (x86)/atollic/truestudio for stm32 9.3.0/armtools/bin/../lib/gcc/arm-atollic-eabi/6.3.1/../../../../arm-atollic-eabi/lib/armv6-m\libc_nano.a(lib_a-strlen.o)
                                                  src\tiny_printf.o
ts_formatlength                                   src\tiny_printf.o
ts_formatstring                                   src\tiny_printf.o
ts_itoa                                           src\tiny_printf.o
