22:50:50 **** Incremental Build of configuration Debug for project nucleo_i2c ****
make -j8 all 
arm-none-eabi-gcc "../Core/Src/main.c" -mcpu=cortex-m0plus -std=gnu11 -g3 -DDEBUG -DUSE_HAL_DRIVER -DSTM32L053xx -c -I../Core/Inc -I../Drivers/STM32L0xx_HAL_Driver/Inc -I../Drivers/STM32L0xx_HAL_Driver/Inc/Legacy -I../Drivers/CMSIS/Device/ST/STM32L0xx/Include -I../Drivers/CMSIS/Include -O0 -ffunction-sections -fdata-sections -Wall -fstack-usage -MMD -MP -MF"Core/Src/main.d" -MT"Core/Src/main.o" --specs=nano.specs -mfloat-abi=soft -mthumb -o "Core/Src/main.o"
arm-none-eabi-gcc -o "nucleo_i2c.elf" @"objects.list"   -mcpu=cortex-m0plus -T"C:\Users\win10\STM32CubeIDE\workspace_1.10.1\nucleo_i2c\STM32L053R8TX_FLASH.ld" --specs=nosys.specs -Wl,-Map="nucleo_i2c.map" -Wl,--gc-sections -static --specs=nano.specs -mfloat-abi=soft -mthumb -Wl,--start-group -lc -lm -Wl,--end-group
Finished building target: nucleo_i2c.elf
 
arm-none-eabi-size   nucleo_i2c.elf 
arm-none-eabi-objdump -h -S  nucleo_i2c.elf  > "nucleo_i2c.list"
   text	   data	    bss	    dec	    hex	filename
  19672	     20	   1956	  21648	   5490	nucleo_i2c.elf
Finished building: default.size.stdout
 
Finished building: nucleo_i2c.list
 
22:50:56 **** Incremental Build of configuration Debug for project nucleo_i2c ****
make -j8 all 
arm-none-eabi-size   nucleo_i2c.elf 
   text	   data	    bss	    dec	    hex	filename
  19672	     20	   1956	  21648	   5490	nucleo_i2c.elf
Finished building: default.size.stdout
 
